---
source: crates/spek/src/fft_backend/phastft.rs
expression: "spectrum.iter().map(| i | format! (\"{i:.5}\")).collect :: < Vec < _ >> ()"
---
[
    "140.00000",
    "-4.68629",
    "-24.00000",
    "-27.31371",
    "-28.00000",
    "0.00000",
    "77.25483",
    "32.00000",
    "13.25483",
    "0.00000",
]
