---
source: crates/spek/src/fft_backend/phastft.rs
expression: "spectrum.iter().map(| i | format! (\"{i:.5}\")).collect :: < Vec < _ >> ()"
---
[
    "2.75735",
    "0.32035",
    "-0.98859",
    "-0.33935",
    "0.38097",
    "0.00000",
    "-0.63501",
    "-0.68505",
    "0.58718",
    "0.00000",
]
