---
source: src/config.rs
expression: "serde_json::to_string_pretty(&config).unwrap()"
---
{
  "devop": {
    "allowed_repositories": "self-host-runner",
    "allowed_users": "Glatzel",
    "token": "token_xxxxx",
    "vendor": "github",
    "webhook_secret": "webhook_secret_xxxxxxx"
  },
  "kioyu": {
    "max_retries": 1,
    "memory": 1024
  },
  "runners": {
    "ghar-linux-dev-small": {
      "count": 1,
      "cpus": 1,
      "envs": {},
      "image": "ghcr.io/glatzel/ghar-linux-dev",
      "memory": 512,
      "name": "ghar-linux-dev-small",
      "ports": {},
      "secrets": {},
      "volumes": {}
    }
  },
  "server": {
    "port": 8888
  }
}
