---
source: tests/test.rs
expression: "String::from_utf8_lossy(cmd.get_output().stdout.as_slice())"
---
raw_r.dll
├── WS2_32.dll
│   ├── [31mapi-ms-win-core-libraryloader-l1-2-0.dll[39m
│   ├── [31mapi-ms-win-core-threadpool-l1-2-0.dll[39m
│   ├── [31mapi-ms-win-security-base-l1-1-0.dll[39m
│   ├── [31mapi-ms-win-core-registry-l1-1-0.dll[39m
│   ├── [31mapi-ms-win-core-heap-l2-1-0.dll[39m
│   ├── [31mapi-ms-win-core-wow64-l1-1-0.dll[39m
│   ├── [31mapi-ms-win-core-io-l1-1-0.dll[39m
│   ├── [31mapi-ms-win-core-string-obsolete-l1-1-0.dll[39m
│   ├── [31mapi-ms-win-core-kernel32-legacy-l1-1-0.dll[39m
│   ├── RPCRT4.dll
│   │   ├── [31mapi-ms-win-core-errorhandling-l1-1-2.dll[39m
│   │   ├── [31mapi-ms-win-core-io-l1-1-0.dll[39m
│   │   ├── [31mapi-ms-win-core-registry-l1-1-0.dll[39m
│   │   ├── [31mapi-ms-win-core-libraryloader-l1-2-0.dll[39m
│   │   ├── [31mapi-ms-win-core-heap-l2-1-0.dll[39m
│   │   ├── [31mapi-ms-win-core-misc-l1-1-0.dll[39m
│   │   ├── [31mapi-ms-win-core-threadpool-legacy-l1-1-0.dll[39m
│   │   ├── [31mapi-ms-win-security-base-l1-1-0.dll[39m
│   │   ├── [31mapi-ms-win-core-apiquery-l1-1-0.dll[39m
│   │   ├── [31mapi-ms-win-downlevel-shlwapi-l1-1-0.dll[39m
│   │   ├── [31mapi-ms-win-core-threadpool-l1-2-0.dll[39m
│   │   ├── KERNELBASE.dll
│   │   │   ├── [31mapi-ms-win-core-apiquery-l1-1-0.dll[39m
│   │   │   ╰── [31mapi-ms-win-core-apiquery-l1-1-2.dll[39m
│   │   ╰── [31mapi-ms-win-core-delayload-l1-1-0.dll[39m
│   ├── [31mapi-ms-win-core-delayload-l1-1-1.dll[39m
│   ├── [31mapi-ms-win-core-delayload-l1-1-0.dll[39m
│   ╰── [31mapi-ms-win-core-apiquery-l1-1-0.dll[39m
├── [31mlcms2.dll[39m
├── [31mzlib.dll[39m
├── [31mjpeg8.dll[39m
╰── KERNEL32.dll
    ├── [31mapi-ms-win-core-rtlsupport-l1-2-2.dll[39m
    ├── KERNELBASE.dll
    │   ├── [31mapi-ms-win-core-apiquery-l1-1-0.dll[39m
    │   ╰── [31mapi-ms-win-core-apiquery-l1-1-2.dll[39m
    ├── [31mapi-ms-win-core-processthreads-l1-1-3.dll[39m
    ├── [31mapi-ms-win-core-processthreads-l1-1-2.dll[39m
    ├── [31mapi-ms-win-core-registry-l1-1-0.dll[39m
    ├── [31mapi-ms-win-core-heap-l2-1-0.dll[39m
    ├── [31mapi-ms-win-core-memory-l1-1-1.dll[39m
    ├── [31mapi-ms-win-core-memory-l1-1-2.dll[39m
    ├── [31mapi-ms-win-core-synch-l1-2-1.dll[39m
    ├── [31mapi-ms-win-core-file-l1-2-5.dll[39m
    ├── [31mapi-ms-win-core-file-l1-2-2.dll[39m
    ├── [31mapi-ms-win-core-file-l1-2-3.dll[39m
    ├── [31mapi-ms-win-core-file-l1-2-1.dll[39m
    ├── [31mapi-ms-win-core-delayload-l1-1-0.dll[39m
    ├── [31mapi-ms-win-core-io-l1-1-0.dll[39m
    ├── [31mapi-ms-win-core-io-l1-1-1.dll[39m
    ├── [31mapi-ms-win-core-job-l1-1-0.dll[39m
    ├── [31mapi-ms-win-core-threadpool-legacy-l1-1-0.dll[39m
    ├── [31mapi-ms-win-core-threadpool-private-l1-1-0.dll[39m
    ├── [31mapi-ms-win-core-largeinteger-l1-1-0.dll[39m
    ├── [31mapi-ms-win-core-libraryloader-l1-2-3.dll[39m
    ├── [31mapi-ms-win-core-libraryloader-l1-2-2.dll[39m
    ├── [31mapi-ms-win-core-libraryloader-l1-2-0.dll[39m
    ├── [31mapi-ms-win-core-libraryloader-l1-2-1.dll[39m
    ├── [31mapi-ms-win-core-libraryloader-l2-1-0.dll[39m
    ├── [31mapi-ms-win-core-namedpipe-l1-2-2.dll[39m
    ├── [31mapi-ms-win-core-namedpipe-l1-2-1.dll[39m
    ├── [31mapi-ms-win-core-datetime-l1-1-1.dll[39m
    ├── [31mapi-ms-win-core-datetime-l1-1-2.dll[39m
    ├── [31mapi-ms-win-core-sysinfo-l1-2-1.dll[39m
    ├── [31mapi-ms-win-core-sysinfo-l1-2-3.dll[39m
    ├── [31mapi-ms-win-core-processsnapshot-l1-1-0.dll[39m
    ├── [31mapi-ms-win-core-processenvironment-l1-2-0.dll[39m
    ├── [31mapi-ms-win-core-debug-l1-1-1.dll[39m
    ├── [31mapi-ms-win-core-errorhandling-l1-1-3.dll[39m
    ├── [31mapi-ms-win-security-base-l1-1-0.dll[39m
    ├── [31mapi-ms-win-security-base-l1-2-0.dll[39m
    ├── [31mapi-ms-win-security-appcontainer-l1-1-0.dll[39m
    ├── [31mapi-ms-win-core-comm-l1-1-0.dll[39m
    ├── [31mapi-ms-win-core-realtime-l1-1-0.dll[39m
    ├── [31mapi-ms-win-core-wow64-l1-1-1.dll[39m
    ├── [31mapi-ms-win-core-wow64-l1-1-0.dll[39m
    ├── [31mapi-ms-win-core-wow64-l1-1-3.dll[39m
    ├── [31mapi-ms-win-core-systemtopology-l1-1-1.dll[39m
    ├── [31mapi-ms-win-core-systemtopology-l1-1-0.dll[39m
    ├── [31mapi-ms-win-core-processtopology-l1-1-0.dll[39m
    ├── [31mapi-ms-win-core-namespace-l1-1-0.dll[39m
    ├── [31mapi-ms-win-core-file-l2-1-2.dll[39m
    ├── [31mapi-ms-win-core-file-l2-1-1.dll[39m
    ├── [31mapi-ms-win-core-file-l2-1-4.dll[39m
    ├── [31mapi-ms-win-core-file-l2-1-3.dll[39m
    ├── [31mapi-ms-win-core-xstate-l2-1-0.dll[39m
    ├── [31mapi-ms-win-core-xstate-l2-1-1.dll[39m
    ├── [31mapi-ms-win-core-xstate-l2-1-2.dll[39m
    ├── [31mapi-ms-win-core-localization-l2-1-0.dll[39m
    ├── [31mapi-ms-win-core-normalization-l1-1-0.dll[39m
    ├── [31mapi-ms-win-core-heap-obsolete-l1-1-0.dll[39m
    ├── [31mapi-ms-win-core-fibers-l2-1-0.dll[39m
    ├── [31mapi-ms-win-core-fibers-l2-1-1.dll[39m
    ├── [31mapi-ms-win-core-localization-private-l1-1-0.dll[39m
    ├── [31mapi-ms-win-core-sidebyside-l1-1-0.dll[39m
    ├── [31mapi-ms-win-core-appcompat-l1-1-0.dll[39m
    ├── [31mapi-ms-win-core-windowserrorreporting-l1-1-1.dll[39m
    ├── [31mapi-ms-win-core-windowserrorreporting-l1-1-2.dll[39m
    ├── [31mapi-ms-win-core-windowserrorreporting-l1-1-0.dll[39m
    ├── [31mapi-ms-win-core-windowserrorreporting-l1-1-3.dll[39m
    ├── [31mapi-ms-win-core-console-l1-2-2.dll[39m
    ├── [31mapi-ms-win-core-console-l1-2-1.dll[39m
    ├── [31mapi-ms-win-core-console-l2-1-0.dll[39m
    ├── [31mapi-ms-win-core-console-l2-2-0.dll[39m
    ├── [31mapi-ms-win-core-console-l3-2-0.dll[39m
    ├── [31mapi-ms-win-core-psapi-l1-1-0.dll[39m
    ├── [31mapi-ms-win-core-psapi-ansi-l1-1-0.dll[39m
    ├── [31mapi-ms-win-core-apiquery-l1-1-0.dll[39m
    ├── [31mapi-ms-win-core-delayload-l1-1-1.dll[39m
    ╰── [31mapi-ms-win-core-appcompat-l1-1-1.dll[39m
