---
source: crates/spek/src/stft.rs
expression: spectogram
---
Spectrogram {
    data: [
        Complex {
            re: 2.5250711,
            im: 0.0,
        },
        Complex {
            re: -1.3689318,
            im: -0.430358,
        },
        Complex {
            re: -0.19628239,
            im: -0.04005891,
        },
        Complex {
            re: 0.20820946,
            im: 0.41225582,
        },
        Complex {
            re: 0.1889385,
            im: 0.0,
        },
        Complex {
            re: 1.0652959,
            im: 0.0,
        },
        Complex {
            re: -0.08706976,
            im: -0.583827,
        },
        Complex {
            re: -0.50656044,
            im: -0.2527725,
        },
        Complex {
            re: -0.18539515,
            im: 0.43812808,
        },
        Complex {
            re: 0.49275464,
            im: 0.0,
        },
        Complex {
            re: 1.3269901,
            im: 0.0,
        },
        Complex {
            re: -0.82226324,
            im: -0.23310134,
        },
        Complex {
            re: 0.16598919,
            im: 0.09392978,
        },
        Complex {
            re: -0.112164736,
            im: 0.02045229,
        },
        Complex {
            re: 0.2098875,
            im: 0.0,
        },
        Complex {
            re: 1.6622417,
            im: 0.0,
        },
        Complex {
            re: -0.92705095,
            im: -0.057181202,
        },
        Complex {
            re: 0.103330195,
            im: -0.19820729,
        },
        Complex {
            re: -0.1955817,
            im: 0.15970436,
        },
        Complex {
            re: 0.37636304,
            im: 0.0,
        },
        Complex {
            re: 1.5126412,
            im: 0.0,
        },
        Complex {
            re: -0.45273912,
            im: -0.677199,
        },
        Complex {
            re: -0.6257458,
            im: 0.08069086,
        },
        Complex {
            re: 0.3629893,
            im: 0.25147927,
        },
        Complex {
            re: -0.08164996,
            im: 0.0,
        },
        Complex {
            re: 1.838356,
            im: 0.0,
        },
        Complex {
            re: -0.9734211,
            im: -0.5193846,
        },
        Complex {
            re: -0.17027862,
            im: 0.21006167,
        },
        Complex {
            re: 0.50001,
            im: 0.006230384,
        },
        Complex {
            re: -0.5509767,
            im: 0.0,
        },
        Complex {
            re: 0.7868475,
            im: 0.0,
        },
        Complex {
            re: -0.2387083,
            im: -0.29597765,
        },
        Complex {
            re: -0.12351378,
            im: -0.15702298,
        },
        Complex {
            re: 0.0011846274,
            im: 0.15574823,
        },
        Complex {
            re: -0.064772636,
            im: 0.0,
        },
        Complex {
            re: 1.8894877,
            im: 0.0,
        },
        Complex {
            re: -1.2363738,
            im: -0.1818542,
        },
        Complex {
            re: 0.14925742,
            im: 0.32797807,
        },
        Complex {
            re: 0.58888006,
            im: -0.42424983,
        },
        Complex {
            re: -0.8930153,
            im: 0.0,
        },
        Complex {
            re: 1.4419589,
            im: 0.0,
        },
        Complex {
            re: -0.48022565,
            im: -0.4705962,
        },
        Complex {
            re: -0.43074986,
            im: -0.2936486,
        },
        Complex {
            re: 0.3587303,
            im: 0.46658885,
        },
        Complex {
            re: -0.33746845,
            im: 0.0,
        },
        Complex {
            re: 1.8492029,
            im: 0.0,
        },
        Complex {
            re: -1.1818287,
            im: -0.4625774,
        },
        Complex {
            re: 0.31907433,
            im: 0.3648762,
        },
        Complex {
            re: 0.4177995,
            im: -0.4397139,
        },
        Complex {
            re: -0.9592932,
            im: 0.0,
        },
        Complex {
            re: 1.6442578,
            im: 0.0,
        },
        Complex {
            re: -1.1101791,
            im: -0.592483,
        },
        Complex {
            re: 0.5294505,
            im: 0.5043298,
        },
        Complex {
            re: -0.14521042,
            im: -0.45447752,
        },
        Complex {
            re: -0.19237989,
            im: 0.0,
        },
    ],
    frames: 11,
    bins: 5,
}
