---
source: crates/mischief/tests/test_report.rs
expression: "format!(\"{}\", report)"
---
Error: Attempted to access a resource that is not available in the current execution environment, which may indicate missing dependencies, restricted permissions, or an incorrect build target.

Caused by:
    Connection to the database server timed out after multiple retries, possibly caused by network instability, firewall restrictions, or an unreachable endpoint.    Failed to parse configuration file due to invalid syntax near line 42; unexpected token found that prevents correct interpretation of the settings provided.
